[backblue.gif]
[fade.gif]
[index.html]
[masterpay.in.net/images/favicon.ico]
[masterpay.in.net/template/img/96c255ffd6logo.png]
[masterpay.in.net/template/img/ef6baad7f33.jpg]
[masterpay.in.net/template/img/d1f145ce13gsm pay 2.jpg]
[masterpay.in.net/template/img/954185bf30gsm pay 3.png]
[masterpay.in.net/template/img/833ac933542.jpg]
[masterpay.in.net/images/feature.png]
[masterpay.in.net/images/airtel.png]
[masterpay.in.net/images/reliancegsm.png]
[masterpay.in.net/images/aircel.png]
[masterpay.in.net/images/idea.png]
[masterpay.in.net/images/mts.png]
[masterpay.in.net/images/loop.png]
[masterpay.in.net/js/universal/jquery.js]
[masterpay.in.net/js/bootstrap/bootstrap.min.js]
[masterpay.in.net/js/masterslider/jquery.easing.min.js]
[masterpay.in.net/js/masterslider/masterslider.min.js]
[masterpay.in.net/js/mainmenu/customeUI.js]
[masterpay.in.net/js/owl-carousel/owl.carousel.js]
[masterpay.in.net/js/owl-carousel/custom.js]
[masterpay.in.net/js/tabs/smk-accordion.js]
[masterpay.in.net/js/tabs/custom.js]
[masterpay.in.net/js/scrolltotop/totop.js]
[masterpay.in.net/js/mainmenu/jquery.sticky.js]
[masterpay.in.net/js/tabs/assets/js/responsive-tabs.min.js]
[masterpay.in.net/js/scripts/functions.js]
[masterpay.in.net/index.html]
[masterpay.in.net/js/bootstrap/bootstrap.min.css]
[masterpay.in.net/js/mainmenu/menu.css]
[masterpay.in.net/images/scroll-top-arrow.png]
[masterpay.in.net/css/default.css]
[masterpay.in.net/images/bg.jpg]
[masterpay.in.net/images/new.jpg]
[masterpay.in.net/css/layouts.css]
[masterpay.in.net/css/shortcodes.css]
[masterpay.in.net/css/font-awesome/css/font-awesome.min.css]
[masterpay.in.net/css/responsive-leyouts.css]
[masterpay.in.net/js/masterslider/style/grab.png]
[masterpay.in.net/js/masterslider/style/light-skin-1.png]
[masterpay.in.net/js/masterslider/style/masterslider.css]
[masterpay.in.net/css/Simple-Line-Icons-Webfont/simple-line-icons.css]
[masterpay.in.net/css/et-line-font/et-line-font.css]
[masterpay.in.net/js/owl-carousel/owl.carousel.css]
[masterpay.in.net/js/tabs/assets/css/responsive-tabs.css]
[masterpay.in.net/js/smart-forms/smart-forms.css]
[masterpay.in.net/Default.html]
[masterpay.in.net/images/gov_rf.jpg]
[masterpay.in.net/images/rightimg.jpg]
[masterpay.in.net/about.html]
[masterpay.in.net/services.html]
[masterpay.in.net/images/bus.jpg]
[masterpay.in.net/images/train.jpg]
[masterpay.in.net/images/bill.jpg]
[masterpay.in.net/images/hotel.jpg]
[masterpay.in.net/images/plain.jpg]
[masterpay.in.net/upcoming_services.html]
[masterpay.in.net/bankdetails.html]
[masterpay.in.net/ScriptResourcef6e3.js]
[masterpay.in.net/ScriptResource51c8.js]
[masterpay.in.net/ScriptResource10fc.js]
[masterpay.in.net/ScriptResourcea10f.axd]
[masterpay.in.net/ScriptResourceda56.axd]
[masterpay.in.net/ScriptResourcee7f1.axd]
[masterpay.in.net/login/plugins/jQuery/jquery-2.1.1.min.js]
[masterpay.in.net/login/plugins/jquery-ui/jquery-ui-1.10.2.custom.min.js]
[masterpay.in.net/login/plugins/bootstrap/js/bootstrap.min.js]
[masterpay.in.net/login/plugins/iCheck/jquery.icheck.min.js]
[masterpay.in.net/login/plugins/jquery.transit/jquery.transit.js]
[masterpay.in.net/login/plugins/TouchSwipe/jquery.touchSwipe.min.js]
[masterpay.in.net/login/js/main.js]
[masterpay.in.net/login/plugins/blockUI/jquery.blockUI.js]
[masterpay.in.net/login/plugins/jquery-validation/dist/jquery.validate.min.js]
[masterpay.in.net/login/js/login.js]
[masterpay.in.net/SignIn.html]
[masterpay.in.net/contact.html]
[masterpay.in.net/js/masterslider/blank.html]
[masterpay.in.net/services-2.html]
[masterpay.in.net/js/fonts/glyphicons-halflings-regular.html]
[masterpay.in.net/js/fonts/glyphicons-halflings-regulard41d.html]
[masterpay.in.net/js/fonts/glyphicons-halflings-regular-2.html]
[masterpay.in.net/js/fonts/glyphicons-halflings-regular-3.html]
[masterpay.in.net/js/fonts/glyphicons-halflings-regular-4.html]
[masterpay.in.net/js/fonts/glyphicons-halflings-regular-5.html]
[masterpay.in.net/images/site-img01.html]
[masterpay.in.net/images/site-img09.html]
[masterpay.in.net/images/site-img54.html]
[masterpay.in.net/images/site-img48.html]
[masterpay.in.net/images/site-img56.html]
[masterpay.in.net/images/site-img98.html]
[masterpay.in.net/images/site-img122.html]
[masterpay.in.net/images/260.html]
[masterpay.in.net/images/281.html]
[masterpay.in.net/images/site-img73.html]
[masterpay.in.net/images/279.html]
[masterpay.in.net/images/site-img46.html]
[masterpay.in.net/images/pattren1.html]
[masterpay.in.net/images/parallax-bg1.html]
[masterpay.in.net/images/parallax-bg2.html]
[masterpay.in.net/images/parallax-bg3.html]
[masterpay.in.net/images/parallax-bg4.html]
[masterpay.in.net/images/parallax-bg5.html]
[masterpay.in.net/images/parallax-bg6.html]
[masterpay.in.net/images/parallax-bg7.html]
[masterpay.in.net/images/parallax-bg8.html]
[masterpay.in.net/images/parallax-bg9.html]
[masterpay.in.net/images/parallax-bg10.html]
[masterpay.in.net/images/parallax-bg11.html]
[masterpay.in.net/images/parallax-bg12.html]
[masterpay.in.net/images/parallax-bg13.html]
[masterpay.in.net/images/parallax-bg14.html]
[masterpay.in.net/images/parallax-bg15.html]
[masterpay.in.net/images/site-img104.html]
[masterpay.in.net/images/site-img105.html]
[masterpay.in.net/images/site-img07.html]
[masterpay.in.net/images/site-img08.html]
[masterpay.in.net/images/scroll-top-arrow2.html]
[masterpay.in.net/images/top-shape1.html]
[masterpay.in.net/images/top-shape2.html]
[masterpay.in.net/images/bottom-shape1.html]
[masterpay.in.net/images/bottom-shape2.html]
[masterpay.in.net/images/bottom-shape3.html]
[masterpay.in.net/images/bottom-shape4.html]
[masterpay.in.net/images/top-shape3.html]
[masterpay.in.net/images/top-shape4.html]
[masterpay.in.net/images/top-shape5.html]
[masterpay.in.net/images/147.html]
[masterpay.in.net/images/131.html]
[masterpay.in.net/images/135.html]
[masterpay.in.net/images/142.html]
[masterpay.in.net/images/164.html]
[masterpay.in.net/images/194.html]
[masterpay.in.net/images/196.html]
[masterpay.in.net/images/200.html]
[masterpay.in.net/images/208.html]
[masterpay.in.net/images/168.html]
[masterpay.in.net/images/222.html]
[masterpay.in.net/images/225.html]
[masterpay.in.net/images/239.html]
[masterpay.in.net/images/255.html]
[masterpay.in.net/images/269.html]
[masterpay.in.net/images/294.html]
[masterpay.in.net/images/mainbg-2.html]
[masterpay.in.net/images/openquote1.html]
[masterpay.in.net/images/closequote1.html]
[masterpay.in.net/images/326.html]
[masterpay.in.net/images/336.html]
[masterpay.in.net/images/341.html]
[masterpay.in.net/images/349.html]
[masterpay.in.net/images/328.html]
[masterpay.in.net/images/329.html]
[masterpay.in.net/images/330.html]
[masterpay.in.net/images/331.html]
[masterpay.in.net/images/332.html]
[masterpay.in.net/images/333.html]
[masterpay.in.net/images/334.html]
[masterpay.in.net/images/335.html]
[masterpay.in.net/images/337.html]
[masterpay.in.net/images/380.html]
[masterpay.in.net/images/382.html]
[masterpay.in.net/images/404.html]
[masterpay.in.net/images/411.html]
[masterpay.in.net/images/428.html]
[masterpay.in.net/images/437.html]
[masterpay.in.net/images/441.html]
[masterpay.in.net/images/444.html]
[masterpay.in.net/images/448.html]
[masterpay.in.net/images/449.html]
[masterpay.in.net/images/451.html]
[masterpay.in.net/images/468.html]
[masterpay.in.net/images/482.html]
[masterpay.in.net/images/469.html]
[masterpay.in.net/images/478.html]
[masterpay.in.net/images/471.html]
[masterpay.in.net/images/mainbg-1.html]
[masterpay.in.net/images/491.html]
[masterpay.in.net/images/523.html]
[masterpay.in.net/images/541.html]
[masterpay.in.net/images/546.html]
[masterpay.in.net/images/564.html]
[masterpay.in.net/images/570.html]
[masterpay.in.net/images/583.html]
[masterpay.in.net/images/615.html]
[masterpay.in.net/images/633.html]
[masterpay.in.net/images/636.html]
[masterpay.in.net/images/687.html]
[masterpay.in.net/images/688.html]
[masterpay.in.net/images/722.html]
[masterpay.in.net/images/729.html]
[masterpay.in.net/images/732.html]
[masterpay.in.net/images/726.html]
[masterpay.in.net/images/732-2.html]
[masterpay.in.net/images/725.html]
[masterpay.in.net/images/733.html]
[masterpay.in.net/images/758.html]
[masterpay.in.net/images/759.html]
[masterpay.in.net/css/font-awesome/fonts/fontawesome-webfonte0a5.html]
[masterpay.in.net/css/font-awesome/fonts/fontawesome-webfontd41d.html]
[masterpay.in.net/css/font-awesome/fonts/fontawesome-webfonte0a5-2.html]
[masterpay.in.net/css/font-awesome/fonts/fontawesome-webfonte0a5-3.html]
[masterpay.in.net/css/font-awesome/fonts/fontawesome-webfonte0a5-4.html]
[masterpay.in.net/css/font-awesome/fonts/fontawesome-webfonte0a5-5.html]
[masterpay.in.net/js/masterslider/style/loading-2.html]
[masterpay.in.net/js/masterslider/style/grabbing.html]
[masterpay.in.net/js/masterslider/style/video-close-btn.html]
[masterpay.in.net/js/masterslider/style/light-skin-1-retina.html]
[masterpay.in.net/css/Simple-Line-Icons-Webfont/fonts/Simple-Line-Icons.html]
[masterpay.in.net/css/Simple-Line-Icons-Webfont/fonts/Simple-Line-Iconsd41d.html]
[masterpay.in.net/css/Simple-Line-Icons-Webfont/fonts/Simple-Line-Icons-2.html]
[masterpay.in.net/css/Simple-Line-Icons-Webfont/fonts/Simple-Line-Icons-3.html]
[masterpay.in.net/css/Simple-Line-Icons-Webfont/fonts/Simple-Line-Icons-4.html]
[masterpay.in.net/css/et-line-font/fonts/et-line.html]
[masterpay.in.net/css/et-line-font/fonts/et-lined41d.html]
[masterpay.in.net/css/et-line-font/fonts/et-line-2.html]
[masterpay.in.net/css/et-line-font/fonts/et-line-3.html]
[masterpay.in.net/css/et-line-font/fonts/et-line-4.html]
[masterpay.in.net/js/owl-carousel/grabbing.html]
[masterpay.in.net/js/owl-carousel/AjaxLoader.html]
[masterpay.in.net/js/tabs/plusminus.html]
[masterpay.in.net/js/tabs/plusminus2.html]
[masterpay.in.net/js/tabs/plusminus3.html]
[masterpay.in.net/js/tabs/plusminus4.html]
[masterpay.in.net/js/images/dark.html]
[masterpay.in.net/js/images/wood.html]
[masterpay.in.net/index-2.html]
[masterpay.in.net/contact-2.html]
[masterpay.in.net/login/plugins/bootstrap/css/bootstrap.min.css]
[masterpay.in.net/login/plugins/font-awesome/css/font-awesome.min.html]
[masterpay.in.net/login/plugins/animate.css/animate.min.css]
[masterpay.in.net/login/plugins/iCheck/skins/all.css]
[masterpay.in.net/login/css/styles.css]
[masterpay.in.net/login/images/login.png]
[masterpay.in.net/login/css/custom.css]
[masterpay.in.net/login/css/styles-responsive.css]
[masterpay.in.net/WebResource7f59.js]
[masterpay.in.net/ScriptResourcef6e3.js]
[masterpay.in.net/ScriptResource51c8.js]
[masterpay.in.net/ScriptResource10fc.js]
[masterpay.in.net/index-3.html]
[masterpay.in.net/login/plugins/bootstrap/fonts/glyphicons-halflings-regular.html]
[masterpay.in.net/login/plugins/bootstrap/fonts/glyphicons-halflings-regulard41d.html]
[masterpay.in.net/login/plugins/bootstrap/fonts/glyphicons-halflings-regular-2.html]
[masterpay.in.net/login/plugins/bootstrap/fonts/glyphicons-halflings-regular-3.html]
[masterpay.in.net/login/plugins/bootstrap/fonts/glyphicons-halflings-regular-4.html]
[masterpay.in.net/login/plugins/iCheck/skins/minimal/_all.html]
[masterpay.in.net/login/plugins/iCheck/skins/square/_all.html]
[masterpay.in.net/login/plugins/iCheck/skins/flat/_all.html]
[masterpay.in.net/login/plugins/iCheck/skins/line/_all.html]
[masterpay.in.net/login/plugins/iCheck/skins/polaris/polaris.html]
[masterpay.in.net/login/plugins/iCheck/skins/futurico/futurico.html]
[masterpay.in.net/login/images/bg.html]
[masterpay.in.net/login/images/bg_2.html]
[masterpay.in.net/login/images/bg_3.html]
[masterpay.in.net/login/images/bg_4.html]
[masterpay.in.net/login/images/bg_5.html]
[masterpay.in.net/login/images/light_dots.html]
[masterpay.in.net/login/images/line.html]
[masterpay.in.net/login/images/timer-piece.html]
[masterpay.in.net/login/images/note_dot.html]
[masterpay.in.net/login/css/spinners.html]
[masterpay.in.net/login/images/error-bg.html]
[masterpay.in.net/POST.html]
[masterpay.in.net/Firefox/index.html]
[masterpay.in.net/AppleWebKit/index.html]
[masterpay.in.net/Opera/index.html]
[masterpay.in.net/MicrosoftAjaxWebForms.html]
[masterpay.in.net/MicrosoftAjaxSerialization.html]
[masterpay.in.net/MicrosoftAjaxNetwork.html]
[www.masterslider.com/wp-content/uploads/home-title-arrow.html]
